// Jest Snapshot v1, https://goo.gl/fbAQLP

exports[`Test Card Component Renders correctly and matches the snapshot 1`] = `
<DocumentFragment>
  <div
    class="Styles__StyledCard-ystdse-0 jYfiiW"
  >
    <p>
      This is some content
    </p>
  </div>
</DocumentFragment>
`;
